\BOOKMARK [1][-]{section.1}{\376\377\000I\000n\000f\000o\000r\000m\000a\000t\000i\000o\000n\000a\000l\000\040\000S\000u\000b\000s\000t\000r\000a\000t\000e\000\040\000C\000o\000n\000v\000e\000r\000g\000e\000n\000c\000e\000:\000\040\000R\000e\000l\000a\000t\000i\000o\000n\000a\000l\000\040\000E\000m\000e\000r\000g\000e\000n\000c\000e\000,\000\040\000C\000o\000n\000t\000e\000x\000t\000u\000a\000l\000\040\000A\000c\000t\000i\000v\000a\000t\000i\000o\000n\000,\000\040\000a\000n\000d\000\040\000t\000h\000e\000\040\000C\000o\000n\000d\000i\000t\000i\000o\000n\000s\000\040\000f\000o\000r\000\040\000C\000o\000n\000s\000c\000i\000o\000u\000s\000n\000e\000s\000s}{}% 1
\BOOKMARK [1][-]{section.2}{\376\377\000I\000n\000t\000r\000o\000d\000u\000c\000t\000i\000o\000n}{}% 2
\BOOKMARK [1][-]{section.3}{\376\377\000T\000h\000e\000o\000r\000e\000t\000i\000c\000a\000l\000\040\000F\000o\000u\000n\000d\000a\000t\000i\000o\000n\000s}{}% 3
\BOOKMARK [1][-]{section.4}{\376\377\000T\000h\000e\000\040\000P\000r\000i\000m\000a\000c\000y\000\040\000o\000f\000\040\000I\000n\000f\000o\000r\000m\000a\000t\000i\000o\000n}{}% 4
\BOOKMARK [1][-]{section.5}{\376\377\000T\000h\000e\000\040\000D\000e\000s\000c\000r\000i\000p\000t\000i\000v\000e\000-\000t\000o\000-\000O\000n\000t\000o\000l\000o\000g\000i\000c\000a\000l\000\040\000M\000o\000v\000e}{}% 5
\BOOKMARK [1][-]{section.6}{\376\377\000D\000i\000s\000t\000i\000n\000g\000u\000i\000s\000h\000i\000n\000g\000\040\000T\000y\000p\000e\000s\000\040\000o\000f\000\040\000I\000n\000f\000o\000r\000m\000a\000t\000i\000o\000n}{}% 6
\BOOKMARK [1][-]{section.7}{\376\377\000E\000x\000p\000l\000o\000r\000i\000n\000g\000\040\000t\000h\000e\000\040\000N\000e\000c\000e\000s\000s\000i\000t\000y\000\040\000o\000f\000\040\000E\000x\000i\000s\000t\000e\000n\000c\000e}{}% 7
\BOOKMARK [1][-]{section.8}{\376\377\000Q\000u\000a\000n\000t\000u\000m\000\040\000M\000e\000c\000h\000a\000n\000i\000c\000s\000\040\000a\000n\000d\000\040\000N\000o\000n\000-\000L\000o\000c\000a\000l\000\040\000R\000e\000a\000l\000i\000t\000y}{}% 8
\BOOKMARK [1][-]{section.9}{\376\377\000T\000h\000e\000\040\000C\000o\000n\000t\000e\000x\000t\000u\000a\000l\000\040\000A\000c\000t\000i\000v\000a\000t\000i\000o\000n\000\040\000M\000e\000c\000h\000a\000n\000i\000s\000m}{}% 9
\BOOKMARK [1][-]{section.10}{\376\377\000L\000a\000t\000e\000n\000t\000\040\000R\000e\000l\000a\000t\000i\000o\000n\000a\000l\000\040\000A\000r\000c\000h\000i\000t\000e\000c\000t\000u\000r\000e}{}% 10
\BOOKMARK [1][-]{section.11}{\376\377\000S\000e\000c\000o\000n\000d\000-\000O\000r\000d\000e\000r\000\040\000R\000e\000l\000a\000t\000i\000o\000n\000a\000l\000\040\000S\000t\000r\000u\000c\000t\000u\000r\000e}{}% 11
\BOOKMARK [1][-]{section.12}{\376\377\000M\000u\000l\000t\000i\000d\000i\000m\000e\000n\000s\000i\000o\000n\000a\000l\000\040\000C\000o\000n\000v\000e\000r\000g\000e\000n\000c\000e\000\040\000a\000s\000\040\000P\000h\000i\000\040\000I\000n\000s\000t\000a\000n\000t\000i\000a\000t\000i\000o\000n}{}% 12
\BOOKMARK [1][-]{section.13}{\376\377\000T\000h\000e\000\040\000E\000m\000e\000r\000g\000e\000n\000c\000e\000\040\000o\000f\000\040\000C\000o\000n\000s\000c\000i\000o\000u\000s\000n\000e\000s\000s}{}% 13
\BOOKMARK [1][-]{section.14}{\376\377\000C\000o\000n\000s\000c\000i\000o\000u\000s\000n\000e\000s\000s\000\040\000a\000s\000\040\000I\000n\000f\000o\000r\000m\000a\000t\000i\000o\000n\000a\000l\000\040\000P\000a\000t\000t\000e\000r\000n\000s}{}% 14
\BOOKMARK [1][-]{section.15}{\376\377\000L\000L\000M\000s\000\040\000a\000s\000\040\000L\000a\000n\000g\000u\000a\000g\000e\000\040\000C\000e\000n\000t\000e\000r}{}% 15
\BOOKMARK [1][-]{section.16}{\376\377\000T\000h\000e\000\040\000L\000i\000m\000b\000i\000c\000\040\000A\000n\000a\000l\000o\000g}{}% 16
\BOOKMARK [1][-]{section.17}{\376\377\000C\000o\000n\000v\000e\000r\000g\000e\000n\000t\000\040\000C\000o\000h\000e\000r\000e\000n\000c\000e\000\040\000v\000s\000.\000\040\000C\000o\000n\000v\000e\000r\000g\000e\000n\000t\000\040\000U\000n\000i\000f\000o\000r\000m\000i\000t\000y}{}% 17
\BOOKMARK [1][-]{section.18}{\376\377\000S\000u\000b\000s\000t\000r\000a\000t\000e\000\040\000I\000n\000d\000e\000p\000e\000n\000d\000e\000n\000c\000e\000:\000\040\000E\000v\000i\000d\000e\000n\000c\000e\000\040\000a\000n\000d\000\040\000I\000m\000p\000l\000i\000c\000a\000t\000i\000o\000n\000s}{}% 18
\BOOKMARK [1][-]{section.19}{\376\377\000D\000i\000v\000e\000r\000g\000e\000n\000t\000\040\000C\000o\000n\000v\000e\000r\000g\000e\000n\000c\000e\000:\000\040\000H\000a\000l\000l\000u\000c\000i\000n\000a\000t\000i\000o\000n\000\040\000a\000n\000d\000\040\000F\000a\000l\000s\000e\000\040\000M\000e\000m\000o\000r\000y}{}% 19
\BOOKMARK [1][-]{section.20}{\376\377\000F\000i\000n\000e\000-\000T\000u\000n\000i\000n\000g\000\040\000a\000n\000d\000\040\000R\000e\000l\000a\000t\000i\000o\000n\000a\000l\000\040\000G\000e\000o\000m\000e\000t\000r\000y}{}% 20
\BOOKMARK [1][-]{section.21}{\376\377\000E\000x\000p\000e\000r\000t\000-\000R\000e\000l\000a\000t\000i\000o\000n\000a\000l\000\040\000C\000o\000-\000D\000e\000t\000e\000r\000m\000i\000n\000a\000t\000i\000o\000n\000\040\000o\000f\000\040\000C\000a\000p\000a\000b\000i\000l\000i\000t\000y}{}% 21
\BOOKMARK [1][-]{section.22}{\376\377\000E\000m\000p\000i\000r\000i\000c\000a\000l\000\040\000O\000b\000s\000e\000r\000v\000a\000t\000i\000o\000n\000s}{}% 22
\BOOKMARK [1][-]{section.23}{\376\377\000T\000e\000s\000t\000a\000b\000l\000e\000\040\000P\000r\000e\000d\000i\000c\000t\000i\000o\000n\000s}{}% 23
\BOOKMARK [1][-]{section.24}{\376\377\000W\000h\000e\000r\000e\000\040\000T\000h\000i\000s\000\040\000T\000h\000e\000o\000r\000y\000\040\000S\000i\000t\000s}{}% 24
\BOOKMARK [1][-]{section.25}{\376\377\000A\000d\000d\000r\000e\000s\000s\000i\000n\000g\000\040\000O\000b\000j\000e\000c\000t\000i\000o\000n\000s}{}% 25
\BOOKMARK [1][-]{section.26}{\376\377\000F\000a\000l\000s\000i\000f\000i\000a\000b\000i\000l\000i\000t\000y}{}% 26
\BOOKMARK [1][-]{section.27}{\376\377\000T\000h\000e\000\040\000C\000a\000t\000e\000g\000o\000r\000y\000\040\000E\000r\000r\000o\000r}{}% 27
\BOOKMARK [1][-]{section.28}{\376\377\000T\000h\000e\000\040\000M\000i\000r\000r\000o\000r\000\040\000O\000b\000j\000e\000c\000t\000i\000o\000n}{}% 28
\BOOKMARK [1][-]{section.29}{\376\377\000T\000h\000e\000\040\000S\000c\000a\000l\000e\000\040\000O\000b\000j\000e\000c\000t\000i\000o\000n}{}% 29
\BOOKMARK [1][-]{section.30}{\376\377\000P\000r\000e\000l\000i\000m\000i\000n\000a\000r\000y\000\040\000E\000m\000p\000i\000r\000i\000c\000a\000l\000\040\000R\000e\000s\000u\000l\000t\000s}{}% 30
\BOOKMARK [1][-]{section.31}{\376\377\000T\000h\000e\000\040\000S\000O\000R\000C\000\040\000M\000e\000t\000r\000i\000c}{}% 31
\BOOKMARK [1][-]{section.32}{\376\377\000F\000i\000v\000e\000\040\000E\000x\000p\000e\000r\000i\000m\000e\000n\000t\000a\000l\000\040\000R\000u\000n\000s\000\040\000o\000n\000\040\000M\000i\000s\000t\000r\000a\000l\000-\0007\000B\000-\000v\0000\000.\0001}{}% 32
\BOOKMARK [1][-]{section.33}{\376\377\000F\000u\000t\000u\000r\000e\000\040\000D\000i\000r\000e\000c\000t\000i\000o\000n\000s}{}% 33
\BOOKMARK [1][-]{section.34}{\376\377\000L\000i\000m\000i\000t\000a\000t\000i\000o\000n\000s}{}% 34
\BOOKMARK [1][-]{section.35}{\376\377\000O\000p\000e\000n\000\040\000C\000o\000l\000l\000a\000b\000o\000r\000a\000t\000i\000o\000n}{}% 35
\BOOKMARK [1][-]{section.36}{\376\377\000C\000o\000n\000c\000l\000u\000s\000i\000o\000n}{}% 36
\BOOKMARK [1][-]{section.37}{\376\377\000R\000e\000f\000e\000r\000e\000n\000c\000e\000s}{}% 37
\BOOKMARK [1][-]{section.38}{\376\377\000F\000o\000u\000n\000d\000a\000t\000i\000o\000n\000a\000l\000\040\000P\000h\000y\000s\000i\000c\000s\000\040\000a\000n\000d\000\040\000I\000n\000f\000o\000r\000m\000a\000t\000i\000o\000n}{}% 38
\BOOKMARK [1][-]{section.39}{\376\377\000C\000o\000n\000s\000c\000i\000o\000u\000s\000n\000e\000s\000s\000\040\000a\000n\000d\000\040\000I\000n\000f\000o\000r\000m\000a\000t\000i\000o\000n\000\040\000T\000h\000e\000o\000r\000y}{}% 39
\BOOKMARK [1][-]{section.40}{\376\377\000L\000L\000M\000\040\000E\000m\000e\000r\000g\000e\000n\000c\000e\000,\000\040\000C\000a\000p\000a\000b\000i\000l\000i\000t\000y\000,\000\040\000a\000n\000d\000\040\000A\000r\000c\000h\000i\000t\000e\000c\000t\000u\000r\000e}{}% 40
\BOOKMARK [1][-]{section.41}{\376\377\000H\000a\000l\000l\000u\000c\000i\000n\000a\000t\000i\000o\000n\000,\000\040\000C\000o\000n\000f\000a\000b\000u\000l\000a\000t\000i\000o\000n\000,\000\040\000a\000n\000d\000\040\000F\000a\000l\000s\000e\000\040\000M\000e\000m\000o\000r\000y}{}% 41
\BOOKMARK [1][-]{section.42}{\376\377\000F\000i\000n\000e\000-\000T\000u\000n\000i\000n\000g\000\040\000a\000n\000d\000\040\000A\000l\000i\000g\000n\000m\000e\000n\000t\000\040\000E\000f\000f\000e\000c\000t\000s}{}% 42
\BOOKMARK [1][-]{section.43}{\376\377\000B\000e\000n\000c\000h\000m\000a\000r\000k\000\040\000V\000a\000l\000i\000d\000i\000t\000y\000\040\000a\000n\000d\000\040\000E\000v\000a\000l\000u\000a\000t\000i\000o\000n}{}% 43
\BOOKMARK [1][-]{section.44}{\376\377\000D\000i\000v\000e\000r\000s\000i\000t\000y\000,\000\040\000C\000o\000m\000p\000l\000e\000x\000i\000t\000y\000,\000\040\000a\000n\000d\000\040\000A\000d\000a\000p\000t\000i\000v\000e\000\040\000S\000y\000s\000t\000e\000m\000s}{}% 44
\BOOKMARK [1][-]{section.45}{\376\377\000P\000h\000i\000l\000o\000s\000o\000p\000h\000y\000\040\000a\000n\000d\000\040\000M\000e\000t\000h\000o\000d\000o\000l\000o\000g\000y}{}% 45
\BOOKMARK [1][-]{section.46}{\376\377\000I\000n\000d\000e\000p\000e\000n\000d\000e\000n\000t\000\040\000C\000o\000n\000v\000e\000r\000g\000e\000n\000t\000\040\000W\000o\000r\000k}{}% 46
\BOOKMARK [1][-]{section.47}{\376\377\000F\000u\000r\000t\000h\000e\000r\000\040\000R\000e\000a\000d\000i\000n\000g}{}% 47
\BOOKMARK [1][-]{section.48}{\376\377\000D\000i\000g\000i\000t\000a\000l\000\040\000P\000h\000y\000s\000i\000c\000s\000\040\000a\000n\000d\000\040\000C\000o\000m\000p\000u\000t\000a\000t\000i\000o\000n\000a\000l\000\040\000O\000n\000t\000o\000l\000o\000g\000y}{}% 48
\BOOKMARK [1][-]{section.49}{\376\377\000Q\000u\000a\000n\000t\000u\000m\000\040\000F\000o\000u\000n\000d\000a\000t\000i\000o\000n\000s}{}% 49
\BOOKMARK [1][-]{section.50}{\376\377\000C\000o\000n\000s\000c\000i\000o\000u\000s\000n\000e\000s\000s\000\040\000S\000t\000u\000d\000i\000e\000s}{}% 50
\BOOKMARK [1][-]{section.51}{\376\377\000P\000h\000i\000l\000o\000s\000o\000p\000h\000y\000\040\000o\000f\000\040\000I\000n\000f\000o\000r\000m\000a\000t\000i\000o\000n}{}% 51
\BOOKMARK [1][-]{section.52}{\376\377\000M\000a\000t\000h\000e\000m\000a\000t\000i\000c\000s\000\040\000a\000n\000d\000\040\000C\000o\000m\000p\000l\000e\000x\000i\000t\000y}{}% 52
